// Jest Snapshot v1, https://goo.gl/fbAQLP

exports[`Inventory should search and find 2 rows 1`] = `
[
  <div
    aria-rowindex="1"
    class="css-yrdy0g-MuiDataGrid-columnHeaderRow"
    role="row"
  >
    <div
      aria-colindex="1"
      aria-label="Code"
      aria-sort="none"
      class="MuiDataGrid-columnHeader MuiDataGrid-columnHeader--sortable MuiDataGrid-withBorderColor"
      data-field="code"
      role="columnheader"
      style="height: 56px; width: 0px; min-width: 0; max-width: 0;"
      tabindex="0"
    >
      <div
        class="MuiDataGrid-columnHeaderDraggableContainer"
        draggable="false"
      >
        <div
          class="MuiDataGrid-columnHeaderTitleContainer"
        >
          <div
            class="MuiDataGrid-columnHeaderTitleContainerContent"
          >
            <div
              aria-label=""
              class="MuiDataGrid-columnHeaderTitle css-t89xny-MuiDataGrid-columnHeaderTitle"
              data-mui-internal-clone-element="true"
            >
              Code
            </div>
          </div>
          <div
            class="MuiDataGrid-iconButtonContainer css-ltf0zy-MuiDataGrid-iconButtonContainer"
          >
            <button
              aria-label="Sort"
              class="MuiButtonBase-root MuiIconButton-root MuiIconButton-sizeSmall css-1pe4mpk-MuiButtonBase-root-MuiIconButton-root"
              tabindex="-1"
              title="Sort"
              type="button"
            >
              <svg
                aria-hidden="true"
                class="MuiSvgIcon-root MuiSvgIcon-fontSizeSmall MuiDataGrid-sortIcon css-ptiqhd-MuiSvgIcon-root"
                data-testid="ArrowUpwardIcon"
                focusable="false"
                viewBox="0 0 24 24"
              >
                <path
                  d="M4 12l1.41 1.41L11 7.83V20h2V7.83l5.58 5.59L20 12l-8-8-8 8z"
                />
              </svg>
              <span
                class="MuiTouchRipple-root css-8je8zh-MuiTouchRipple-root"
              />
            </button>
          </div>
        </div>
        <div
          class="MuiDataGrid-menuIcon"
        >
          <button
            aria-controls=":r4:"
            aria-haspopup="true"
            aria-label="Menu"
            class="MuiButtonBase-root MuiIconButton-root MuiIconButton-sizeSmall MuiDataGrid-menuIconButton css-1pe4mpk-MuiButtonBase-root-MuiIconButton-root"
            data-mui-internal-clone-element="true"
            id=":r5:"
            tabindex="-1"
            type="button"
          >
            <svg
              aria-hidden="true"
              class="MuiSvgIcon-root MuiSvgIcon-fontSizeSmall css-ptiqhd-MuiSvgIcon-root"
              data-testid="TripleDotsVerticalIcon"
              focusable="false"
              viewBox="0 0 24 24"
            >
              <path
                d="M12 8c1.1 0 2-.9 2-2s-.9-2-2-2-2 .9-2 2 .9 2 2 2zm0 2c-1.1 0-2 .9-2 2s.9 2 2 2 2-.9 2-2-.9-2-2-2zm0 6c-1.1 0-2 .9-2 2s.9 2 2 2 2-.9 2-2-.9-2-2-2z"
              />
            </svg>
            <span
              class="MuiTouchRipple-root css-8je8zh-MuiTouchRipple-root"
            />
          </button>
        </div>
      </div>
      <div
        class="MuiDataGrid-columnSeparator MuiDataGrid-columnSeparator--sideRight"
        style="min-height: 56px; opacity: 1;"
      >
        <svg
          aria-hidden="true"
          class="MuiSvgIcon-root MuiSvgIcon-fontSizeMedium MuiDataGrid-iconSeparator css-i4bv87-MuiSvgIcon-root"
          data-testid="SeparatorIcon"
          focusable="false"
          viewBox="0 0 24 24"
        >
          <path
            d="M11 19V5h2v14z"
          />
        </svg>
      </div>
    </div>
    <div
      aria-colindex="2"
      aria-label="Name"
      aria-sort="none"
      class="MuiDataGrid-columnHeader MuiDataGrid-columnHeader--sortable MuiDataGrid-withBorderColor"
      data-field="name"
      role="columnheader"
      style="height: 56px; width: 0px; min-width: 0; max-width: 0;"
      tabindex="-1"
    >
      <div
        class="MuiDataGrid-columnHeaderDraggableContainer"
        draggable="false"
      >
        <div
          class="MuiDataGrid-columnHeaderTitleContainer"
        >
          <div
            class="MuiDataGrid-columnHeaderTitleContainerContent"
          >
            <div
              aria-label=""
              class="MuiDataGrid-columnHeaderTitle css-t89xny-MuiDataGrid-columnHeaderTitle"
              data-mui-internal-clone-element="true"
            >
              Name
            </div>
          </div>
          <div
            class="MuiDataGrid-iconButtonContainer css-ltf0zy-MuiDataGrid-iconButtonContainer"
          >
            <button
              aria-label="Sort"
              class="MuiButtonBase-root MuiIconButton-root MuiIconButton-sizeSmall css-1pe4mpk-MuiButtonBase-root-MuiIconButton-root"
              tabindex="-1"
              title="Sort"
              type="button"
            >
              <svg
                aria-hidden="true"
                class="MuiSvgIcon-root MuiSvgIcon-fontSizeSmall MuiDataGrid-sortIcon css-ptiqhd-MuiSvgIcon-root"
                data-testid="ArrowUpwardIcon"
                focusable="false"
                viewBox="0 0 24 24"
              >
                <path
                  d="M4 12l1.41 1.41L11 7.83V20h2V7.83l5.58 5.59L20 12l-8-8-8 8z"
                />
              </svg>
              <span
                class="MuiTouchRipple-root css-8je8zh-MuiTouchRipple-root"
              />
            </button>
          </div>
        </div>
        <div
          class="MuiDataGrid-menuIcon"
        >
          <button
            aria-controls=":r8:"
            aria-haspopup="true"
            aria-label="Menu"
            class="MuiButtonBase-root MuiIconButton-root MuiIconButton-sizeSmall MuiDataGrid-menuIconButton css-1pe4mpk-MuiButtonBase-root-MuiIconButton-root"
            data-mui-internal-clone-element="true"
            id=":r9:"
            tabindex="-1"
            type="button"
          >
            <svg
              aria-hidden="true"
              class="MuiSvgIcon-root MuiSvgIcon-fontSizeSmall css-ptiqhd-MuiSvgIcon-root"
              data-testid="TripleDotsVerticalIcon"
              focusable="false"
              viewBox="0 0 24 24"
            >
              <path
                d="M12 8c1.1 0 2-.9 2-2s-.9-2-2-2-2 .9-2 2 .9 2 2 2zm0 2c-1.1 0-2 .9-2 2s.9 2 2 2 2-.9 2-2-.9-2-2-2zm0 6c-1.1 0-2 .9-2 2s.9 2 2 2 2-.9 2-2-.9-2-2-2z"
              />
            </svg>
            <span
              class="MuiTouchRipple-root css-8je8zh-MuiTouchRipple-root"
            />
          </button>
        </div>
      </div>
      <div
        class="MuiDataGrid-columnSeparator MuiDataGrid-columnSeparator--sideRight"
        style="min-height: 56px; opacity: 1;"
      >
        <svg
          aria-hidden="true"
          class="MuiSvgIcon-root MuiSvgIcon-fontSizeMedium MuiDataGrid-iconSeparator css-i4bv87-MuiSvgIcon-root"
          data-testid="SeparatorIcon"
          focusable="false"
          viewBox="0 0 24 24"
        >
          <path
            d="M11 19V5h2v14z"
          />
        </svg>
      </div>
    </div>
    <div
      aria-colindex="3"
      aria-label="Category"
      aria-sort="none"
      class="MuiDataGrid-columnHeader MuiDataGrid-columnHeader--sortable MuiDataGrid-withBorderColor"
      data-field="category"
      role="columnheader"
      style="height: 56px; width: 0px; min-width: 0; max-width: 0;"
      tabindex="-1"
    >
      <div
        class="MuiDataGrid-columnHeaderDraggableContainer"
        draggable="false"
      >
        <div
          class="MuiDataGrid-columnHeaderTitleContainer"
        >
          <div
            class="MuiDataGrid-columnHeaderTitleContainerContent"
          >
            <div
              aria-label=""
              class="MuiDataGrid-columnHeaderTitle css-t89xny-MuiDataGrid-columnHeaderTitle"
              data-mui-internal-clone-element="true"
            >
              Category
            </div>
          </div>
          <div
            class="MuiDataGrid-iconButtonContainer css-ltf0zy-MuiDataGrid-iconButtonContainer"
          >
            <button
              aria-label="Sort"
              class="MuiButtonBase-root MuiIconButton-root MuiIconButton-sizeSmall css-1pe4mpk-MuiButtonBase-root-MuiIconButton-root"
              tabindex="-1"
              title="Sort"
              type="button"
            >
              <svg
                aria-hidden="true"
                class="MuiSvgIcon-root MuiSvgIcon-fontSizeSmall MuiDataGrid-sortIcon css-ptiqhd-MuiSvgIcon-root"
                data-testid="ArrowUpwardIcon"
                focusable="false"
                viewBox="0 0 24 24"
              >
                <path
                  d="M4 12l1.41 1.41L11 7.83V20h2V7.83l5.58 5.59L20 12l-8-8-8 8z"
                />
              </svg>
              <span
                class="MuiTouchRipple-root css-8je8zh-MuiTouchRipple-root"
              />
            </button>
          </div>
        </div>
        <div
          class="MuiDataGrid-menuIcon"
        >
          <button
            aria-controls=":rc:"
            aria-haspopup="true"
            aria-label="Menu"
            class="MuiButtonBase-root MuiIconButton-root MuiIconButton-sizeSmall MuiDataGrid-menuIconButton css-1pe4mpk-MuiButtonBase-root-MuiIconButton-root"
            data-mui-internal-clone-element="true"
            id=":rd:"
            tabindex="-1"
            type="button"
          >
            <svg
              aria-hidden="true"
              class="MuiSvgIcon-root MuiSvgIcon-fontSizeSmall css-ptiqhd-MuiSvgIcon-root"
              data-testid="TripleDotsVerticalIcon"
              focusable="false"
              viewBox="0 0 24 24"
            >
              <path
                d="M12 8c1.1 0 2-.9 2-2s-.9-2-2-2-2 .9-2 2 .9 2 2 2zm0 2c-1.1 0-2 .9-2 2s.9 2 2 2 2-.9 2-2-.9-2-2-2zm0 6c-1.1 0-2 .9-2 2s.9 2 2 2 2-.9 2-2-.9-2-2-2z"
              />
            </svg>
            <span
              class="MuiTouchRipple-root css-8je8zh-MuiTouchRipple-root"
            />
          </button>
        </div>
      </div>
      <div
        class="MuiDataGrid-columnSeparator MuiDataGrid-columnSeparator--sideRight"
        style="min-height: 56px; opacity: 1;"
      >
        <svg
          aria-hidden="true"
          class="MuiSvgIcon-root MuiSvgIcon-fontSizeMedium MuiDataGrid-iconSeparator css-i4bv87-MuiSvgIcon-root"
          data-testid="SeparatorIcon"
          focusable="false"
          viewBox="0 0 24 24"
        >
          <path
            d="M11 19V5h2v14z"
          />
        </svg>
      </div>
    </div>
  </div>,
  <div
    aria-rowindex="2"
    aria-selected="false"
    class="MuiDataGrid-row MuiDataGrid-row--lastVisible"
    data-id="1"
    data-rowindex="0"
    role="row"
    style="max-height: 52px; min-height: 52px;"
  >
    <div
      aria-colindex="1"
      aria-colspan="1"
      class="MuiDataGrid-cell MuiDataGrid-cell--textLeft MuiDataGrid-withBorderColor"
      data-colindex="0"
      data-field="code"
      role="cell"
      style="min-width: 0; max-width: 0; min-height: 52px; max-height: 52px;"
      tabindex="-1"
    >
      <div
        class="MuiDataGrid-cellContent"
        title="234234dfbdfbdf"
      >
        234234dfbdfbdf
      </div>
    </div>
    <div
      aria-colindex="2"
      aria-colspan="1"
      class="MuiDataGrid-cell MuiDataGrid-cell--textLeft MuiDataGrid-withBorderColor"
      data-colindex="1"
      data-field="name"
      role="cell"
      style="min-width: 0; max-width: 0; min-height: 52px; max-height: 52px;"
      tabindex="-1"
    >
      <div
        class="MuiDataGrid-cellContent"
        title="HP 41"
      >
        HP 41
      </div>
    </div>
    <div
      aria-colindex="3"
      aria-colspan="1"
      class="MuiDataGrid-cell MuiDataGrid-cell--textLeft MuiDataGrid-withBorderColor"
      data-colindex="2"
      data-field="category"
      role="cell"
      style="min-width: 0; max-width: 0; min-height: 52px; max-height: 52px;"
      tabindex="-1"
    >
      <div
        class="MuiDataGrid-cellContent"
        title="Laptop"
      >
        Laptop
      </div>
    </div>
  </div>,
]
`;
